// Jest Snapshot v1, https://goo.gl/fbAQLP

exports[`reducer::auth initialize state 1`] = `
Object {
  "expiredAt": null,
  "id": null,
  "refreshToken": "",
  "token": "",
}
`;

exports[`reducer::auth 存储认证信息 1`] = `
Object {
  "expiredAt": 123456,
  "id": "id",
  "refreshToken": "refresh token",
  "token": "token",
}
`;
