// Jest Snapshot v1, https://goo.gl/fbAQLP

exports[`Component::Footer 渲染正确的 DOM 结构 1`] = `
<div
  className="iOlBOX"
>
  <div
    className="finuIx"
  />
  <p
    className="hjfzBz"
  >
    <a
      className="jiANlk"
      href="javascript:void(0);"
      onClick={[Function]}
    >
      一键购买豆瓣FM PRO，高音质无广告 ➝
    </a>
  </p>
</div>
`;
